This is pdfTeX, Version 3.141592653-2.6-1.40.27 (MiKTeX 25.4) (preloaded format=pdflatex 2025.5.6)  4 JUN 2025 17:50
entering extended mode
 restricted \write18 enabled.
 file:line:error style messages enabled.
 %&-line parsing enabled.
**"d:/0Data from ECEE's HDD/LEARN/3rd year/Network/project/project_requirements.tex"
(d:/0Data from ECEE's HDD/LEARN/3rd year/Network/project/project_requirements.tex
LaTeX2e <2024-11-01> patch level 2
L3 programming layer <2025-03-26>
(C:\Users\Youssef\AppData\Local\Programs\MiKTeX\tex/latex/base\article.cls
Document Class: article 2024/06/29 v1.4n Standard LaTeX document class
(C:\Users\Youssef\AppData\Local\Programs\MiKTeX\tex/latex/base\size12.clo
File: size12.clo 2024/06/29 v1.4n Standard LaTeX file (size option)
)
\c@part=\count197
\c@section=\count198
\c@subsection=\count199
\c@subsubsection=\count266
\c@paragraph=\count267
\c@subparagraph=\count268
\c@figure=\count269
\c@table=\count270
\abovecaptionskip=\skip49
\belowcaptionskip=\skip50
\bibindent=\dimen146
) (C:\Users\Youssef\AppData\Local\Programs\MiKTeX\tex/latex/psnfss\times.sty
Package: times 2020/03/25 PSNFSS-v9.3 (SPQR) 
) (C:\Users\Youssef\AppData\Local\Programs\MiKTeX\tex/latex/geometry\geometry.sty
Package: geometry 2020/01/02 v5.9 Page Geometry
 (C:\Users\Youssef\AppData\Local\Programs\MiKTeX\tex/latex/graphics\keyval.sty
Package: keyval 2022/05/29 v1.15 key=value parser (DPC)
\KV@toks@=\toks17
) (C:\Users\Youssef\AppData\Local\Programs\MiKTeX\tex/generic/iftex\ifvtex.sty
Package: ifvtex 2019/10/25 v1.7 ifvtex legacy package. Use iftex instead.
 (C:\Users\Youssef\AppData\Local\Programs\MiKTeX\tex/generic/iftex\iftex.sty
Package: iftex 2024/12/12 v1.0g TeX engine tests
))
\Gm@cnth=\count271
\Gm@cntv=\count272
\c@Gm@tempcnt=\count273
\Gm@bindingoffset=\dimen147
\Gm@wd@mp=\dimen148
\Gm@odd@mp=\dimen149
\Gm@even@mp=\dimen150
\Gm@layoutwidth=\dimen151
\Gm@layoutheight=\dimen152
\Gm@layouthoffset=\dimen153
\Gm@layoutvoffset=\dimen154
\Gm@dimlist=\toks18
 (C:\Users\Youssef\AppData\Local\Programs\MiKTeX\tex/latex/geometry\geometry.cfg)) (C:\Users\Youssef\AppData\Local\Programs\MiKTeX\tex/latex/enumitem\enumitem.sty
Package: enumitem 2025/02/06 v3.11 Customized lists
\labelindent=\skip51
\enit@outerparindent=\dimen155
\enit@toks=\toks19
\enit@inbox=\box53
\enit@count@id=\count274
\enitdp@description=\count275
) (C:\Users\Youssef\AppData\Local\Programs\MiKTeX\tex/latex/graphics\graphicx.sty
Package: graphicx 2021/09/16 v1.2d Enhanced LaTeX Graphics (DPC,SPQR)
 (C:\Users\Youssef\AppData\Local\Programs\MiKTeX\tex/latex/graphics\graphics.sty
Package: graphics 2024/08/06 v1.4g Standard LaTeX Graphics (DPC,SPQR)
 (C:\Users\Youssef\AppData\Local\Programs\MiKTeX\tex/latex/graphics\trig.sty
Package: trig 2023/12/02 v1.11 sin cos tan (DPC)
) (C:\Users\Youssef\AppData\Local\Programs\MiKTeX\tex/latex/graphics-cfg\graphics.cfg
File: graphics.cfg 2016/06/04 v1.11 sample graphics configuration
)
Package graphics Info: Driver file: pdftex.def on input line 106.
 (C:\Users\Youssef\AppData\Local\Programs\MiKTeX\tex/latex/graphics-def\pdftex.def
File: pdftex.def 2024/04/13 v1.2c Graphics/color driver for pdftex
))
\Gin@req@height=\dimen156
\Gin@req@width=\dimen157
) (C:\Users\Youssef\AppData\Local\Programs\MiKTeX\tex/latex/hyperref\hyperref.sty
Package: hyperref 2024-11-05 v7.01l Hypertext links for LaTeX
 (C:\Users\Youssef\AppData\Local\Programs\MiKTeX\tex/latex/kvsetkeys\kvsetkeys.sty
Package: kvsetkeys 2022-10-05 v1.19 Key value parser (HO)
) (C:\Users\Youssef\AppData\Local\Programs\MiKTeX\tex/generic/kvdefinekeys\kvdefinekeys.sty
Package: kvdefinekeys 2019-12-19 v1.6 Define keys (HO)
) (C:\Users\Youssef\AppData\Local\Programs\MiKTeX\tex/generic/pdfescape\pdfescape.sty
Package: pdfescape 2019/12/09 v1.15 Implements pdfTeX's escape features (HO)
 (C:\Users\Youssef\AppData\Local\Programs\MiKTeX\tex/generic/ltxcmds\ltxcmds.sty
Package: ltxcmds 2023-12-04 v1.26 LaTeX kernel commands for general use (HO)
) (C:\Users\Youssef\AppData\Local\Programs\MiKTeX\tex/generic/pdftexcmds\pdftexcmds.sty
Package: pdftexcmds 2020-06-27 v0.33 Utility functions of pdfTeX for LuaTeX (HO)
 (C:\Users\Youssef\AppData\Local\Programs\MiKTeX\tex/generic/infwarerr\infwarerr.sty
Package: infwarerr 2019/12/03 v1.5 Providing info/warning/error messages (HO)
)
Package pdftexcmds Info: \pdf@primitive is available.
Package pdftexcmds Info: \pdf@ifprimitive is available.
Package pdftexcmds Info: \pdfdraftmode found.
)) (C:\Users\Youssef\AppData\Local\Programs\MiKTeX\tex/latex/hycolor\hycolor.sty
Package: hycolor 2020-01-27 v1.10 Color options for hyperref/bookmark (HO)
) (C:\Users\Youssef\AppData\Local\Programs\MiKTeX\tex/latex/hyperref\nameref.sty
Package: nameref 2023-11-26 v2.56 Cross-referencing by name of section
 (C:\Users\Youssef\AppData\Local\Programs\MiKTeX\tex/latex/refcount\refcount.sty
Package: refcount 2019/12/15 v3.6 Data extraction from label references (HO)
) (C:\Users\Youssef\AppData\Local\Programs\MiKTeX\tex/generic/gettitlestring\gettitlestring.sty
Package: gettitlestring 2019/12/15 v1.6 Cleanup title references (HO)
 (C:\Users\Youssef\AppData\Local\Programs\MiKTeX\tex/latex/kvoptions\kvoptions.sty
Package: kvoptions 2022-06-15 v3.15 Key value format for package options (HO)
))
\c@section@level=\count276
) (C:\Users\Youssef\AppData\Local\Programs\MiKTeX\tex/latex/etoolbox\etoolbox.sty
Package: etoolbox 2025/02/11 v2.5l e-TeX tools for LaTeX (JAW)
\etb@tempcnta=\count277
) (C:\Users\Youssef\AppData\Local\Programs\MiKTeX\tex/generic/stringenc\stringenc.sty
Package: stringenc 2019/11/29 v1.12 Convert strings between diff. encodings (HO)
)
\@linkdim=\dimen158
\Hy@linkcounter=\count278
\Hy@pagecounter=\count279
 (C:\Users\Youssef\AppData\Local\Programs\MiKTeX\tex/latex/hyperref\pd1enc.def
File: pd1enc.def 2024-11-05 v7.01l Hyperref: PDFDocEncoding definition (HO)
Now handling font encoding PD1 ...
... no UTF-8 mapping file for font encoding PD1
) (C:\Users\Youssef\AppData\Local\Programs\MiKTeX\tex/generic/intcalc\intcalc.sty
Package: intcalc 2019/12/15 v1.3 Expandable calculations with integers (HO)
)
\Hy@SavedSpaceFactor=\count280
 (C:\Users\Youssef\AppData\Local\Programs\MiKTeX\tex/latex/hyperref\puenc.def
File: puenc.def 2024-11-05 v7.01l Hyperref: PDF Unicode definition (HO)
Now handling font encoding PU ...
... no UTF-8 mapping file for font encoding PU
)
Package hyperref Info: Hyper figures OFF on input line 4157.
Package hyperref Info: Link nesting OFF on input line 4162.
Package hyperref Info: Hyper index ON on input line 4165.
Package hyperref Info: Plain pages OFF on input line 4172.
Package hyperref Info: Backreferencing OFF on input line 4177.
Package hyperref Info: Implicit mode ON; LaTeX internals redefined.
Package hyperref Info: Bookmarks ON on input line 4424.
\c@Hy@tempcnt=\count281
 (C:\Users\Youssef\AppData\Local\Programs\MiKTeX\tex/latex/url\url.sty
\Urlmuskip=\muskip17
Package: url 2013/09/16  ver 3.4  Verb mode for urls, etc.
)
LaTeX Info: Redefining \url on input line 4763.
\XeTeXLinkMargin=\dimen159
 (C:\Users\Youssef\AppData\Local\Programs\MiKTeX\tex/generic/bitset\bitset.sty
Package: bitset 2019/12/09 v1.3 Handle bit-vector datatype (HO)
 (C:\Users\Youssef\AppData\Local\Programs\MiKTeX\tex/generic/bigintcalc\bigintcalc.sty
Package: bigintcalc 2019/12/15 v1.5 Expandable calculations on big integers (HO)
))
\Fld@menulength=\count282
\Field@Width=\dimen160
\Fld@charsize=\dimen161
Package hyperref Info: Hyper figures OFF on input line 6042.
Package hyperref Info: Link nesting OFF on input line 6047.
Package hyperref Info: Hyper index ON on input line 6050.
Package hyperref Info: backreferencing OFF on input line 6057.
Package hyperref Info: Link coloring OFF on input line 6062.
Package hyperref Info: Link coloring with OCG OFF on input line 6067.
Package hyperref Info: PDF/A mode OFF on input line 6072.
 (C:\Users\Youssef\AppData\Local\Programs\MiKTeX\tex/latex/base\atbegshi-ltx.sty
Package: atbegshi-ltx 2021/01/10 v1.0c Emulation of the original atbegshi
package with kernel methods
)
\Hy@abspage=\count283
\c@Item=\count284
\c@Hfootnote=\count285
)
Package hyperref Info: Driver (autodetected): hpdftex.
 (C:\Users\Youssef\AppData\Local\Programs\MiKTeX\tex/latex/hyperref\hpdftex.def
File: hpdftex.def 2024-11-05 v7.01l Hyperref driver for pdfTeX
 (C:\Users\Youssef\AppData\Local\Programs\MiKTeX\tex/latex/base\atveryend-ltx.sty
Package: atveryend-ltx 2020/08/19 v1.0a Emulation of the original atveryend package
with kernel methods
)
\Fld@listcount=\count286
\c@bookmark@seq@number=\count287
 (C:\Users\Youssef\AppData\Local\Programs\MiKTeX\tex/latex/rerunfilecheck\rerunfilecheck.sty
Package: rerunfilecheck 2022-07-10 v1.10 Rerun checks for auxiliary files (HO)
 (C:\Users\Youssef\AppData\Local\Programs\MiKTeX\tex/generic/uniquecounter\uniquecounter.sty
Package: uniquecounter 2019/12/15 v1.4 Provide unlimited unique counter (HO)
)
Package uniquecounter Info: New unique counter `rerunfilecheck' on input line 285.
)
\Hy@SectionHShift=\skip52
) (C:\Users\Youssef\AppData\Local\Programs\MiKTeX\tex/latex/framed\framed.sty
Package: framed 2011/10/22 v 0.96: framed or shaded text with page breaks
\OuterFrameSep=\skip53
\fb@frw=\dimen162
\fb@frh=\dimen163
\FrameRule=\dimen164
\FrameSep=\dimen165
) (C:\Users\Youssef\AppData\Local\Programs\MiKTeX\tex/latex/caption\subcaption.sty
Package: subcaption 2023/07/28 v1.6b Sub-captions (AR)
 (C:\Users\Youssef\AppData\Local\Programs\MiKTeX\tex/latex/caption\caption.sty
Package: caption 2023/08/05 v3.6o Customizing captions (AR)
 (C:\Users\Youssef\AppData\Local\Programs\MiKTeX\tex/latex/caption\caption3.sty
Package: caption3 2023/07/31 v2.4d caption3 kernel (AR)
\caption@tempdima=\dimen166
\captionmargin=\dimen167
\caption@leftmargin=\dimen168
\caption@rightmargin=\dimen169
\caption@width=\dimen170
\caption@indent=\dimen171
\caption@parindent=\dimen172
\caption@hangindent=\dimen173
Package caption Info: Standard document class detected.
)
\c@caption@flags=\count288
\c@continuedfloat=\count289
Package caption Info: hyperref package is loaded.
)
Package caption Info: New subtype `subfigure' on input line 238.
\c@subfigure=\count290
Package caption Info: New subtype `subtable' on input line 238.
\c@subtable=\count291
) (C:\Users\Youssef\AppData\Local\Programs\MiKTeX\tex/latex/wrapfig\wrapfig.sty
\wrapoverhang=\dimen174
\WF@size=\dimen175
\c@WF@wrappedlines=\count292
\WF@box=\box54
\WF@everypar=\toks20
Package: wrapfig 2003/01/31  v 3.6
) (C:\Users\Youssef\AppData\Local\Programs\MiKTeX\tex/latex/setspace\setspace.sty
Package: setspace 2022/12/04 v6.7b set line spacing
) (C:\Users\Youssef\AppData\Local\Programs\MiKTeX\tex/latex/float\float.sty
Package: float 2001/11/08 v1.3d Float enhancements (AL)
\c@float@type=\count293
\float@exts=\toks21
\float@box=\box55
\@float@everytoks=\toks22
\@floatcapt=\box56
)
LaTeX Font Info:    Trying to load font information for OT1+ptm on input line 17.
 (C:\Users\Youssef\AppData\Local\Programs\MiKTeX\tex/latex/psnfss\ot1ptm.fd
File: ot1ptm.fd 2001/06/04 font definitions for OT1/ptm.
) (C:\Users\Youssef\AppData\Local\Programs\MiKTeX\tex/latex/l3backend\l3backend-pdftex.def
File: l3backend-pdftex.def 2025-03-14 L3 backend support: PDF output (pdfTeX)
\l__color_backend_stack_int=\count294
) (project_requirements.aux

LaTeX Warning: Label `tab:window_size_data' multiply defined.

)
\openout1 = `project_requirements.aux'.

LaTeX Font Info:    Checking defaults for OML/cmm/m/it on input line 17.
LaTeX Font Info:    ... okay on input line 17.
LaTeX Font Info:    Checking defaults for OMS/cmsy/m/n on input line 17.
LaTeX Font Info:    ... okay on input line 17.
LaTeX Font Info:    Checking defaults for OT1/cmr/m/n on input line 17.
LaTeX Font Info:    ... okay on input line 17.
LaTeX Font Info:    Checking defaults for T1/cmr/m/n on input line 17.
LaTeX Font Info:    ... okay on input line 17.
LaTeX Font Info:    Checking defaults for TS1/cmr/m/n on input line 17.
LaTeX Font Info:    ... okay on input line 17.
LaTeX Font Info:    Checking defaults for OMX/cmex/m/n on input line 17.
LaTeX Font Info:    ... okay on input line 17.
LaTeX Font Info:    Checking defaults for U/cmr/m/n on input line 17.
LaTeX Font Info:    ... okay on input line 17.
LaTeX Font Info:    Checking defaults for PD1/pdf/m/n on input line 17.
LaTeX Font Info:    ... okay on input line 17.
LaTeX Font Info:    Checking defaults for PU/pdf/m/n on input line 17.
LaTeX Font Info:    ... okay on input line 17.

*geometry* driver: auto-detecting
*geometry* detected driver: pdftex
*geometry* verbose mode - [ preamble ] result:
* driver: pdftex
* paper: <default>
* layout: <same size as paper>
* layoutoffset:(h,v)=(0.0pt,0.0pt)
* modes: 
* h-part:(L,W,R)=(72.26999pt, 469.75502pt, 72.26999pt)
* v-part:(T,H,B)=(72.26999pt, 650.43001pt, 72.26999pt)
* \paperwidth=614.295pt
* \paperheight=794.96999pt
* \textwidth=469.75502pt
* \textheight=650.43001pt
* \oddsidemargin=0.0pt
* \evensidemargin=0.0pt
* \topmargin=-37.0pt
* \headheight=12.0pt
* \headsep=25.0pt
* \topskip=12.0pt
* \footskip=30.0pt
* \marginparwidth=44.0pt
* \marginparsep=10.0pt
* \columnsep=10.0pt
* \skip\footins=10.8pt plus 4.0pt minus 2.0pt
* \hoffset=0.0pt
* \voffset=0.0pt
* \mag=1000
* \@twocolumnfalse
* \@twosidefalse
* \@mparswitchfalse
* \@reversemarginfalse
* (1in=72.27pt=25.4mm, 1cm=28.453pt)

(C:\Users\Youssef\AppData\Local\Programs\MiKTeX\tex/context/base/mkii\supp-pdf.mkii
[Loading MPS to PDF converter (version 2006.09.02).]
\scratchcounter=\count295
\scratchdimen=\dimen176
\scratchbox=\box57
\nofMPsegments=\count296
\nofMParguments=\count297
\everyMPshowfont=\toks23
\MPscratchCnt=\count298
\MPscratchDim=\dimen177
\MPnumerator=\count299
\makeMPintoPDFobject=\count300
\everyMPtoPDFconversion=\toks24
) (C:\Users\Youssef\AppData\Local\Programs\MiKTeX\tex/latex/epstopdf-pkg\epstopdf-base.sty
Package: epstopdf-base 2020-01-24 v2.11 Base part for package epstopdf
Package epstopdf-base Info: Redefining graphics rule for `.eps' on input line 485.
 (C:\Users\Youssef\AppData\Local\Programs\MiKTeX\tex/latex/00miktex\epstopdf-sys.cfg
File: epstopdf-sys.cfg 2021/03/18 v2.0 Configuration of epstopdf for MiKTeX
))
Package hyperref Info: Link coloring OFF on input line 17.
 (project_requirements.out) (project_requirements.out)
\@outlinefile=\write3
\openout3 = `project_requirements.out'.

Package caption Info: Begin \AtBeginDocument code.
Package caption Info: float package is loaded.
Package caption Info: wrapfig package is loaded.
Package caption Info: End \AtBeginDocument code.
<Cairo-University-CU-.png, id=71, 351.3125pt x 250.9375pt>
File: Cairo-University-CU-.png Graphic file (type png)
<use Cairo-University-CU-.png>
Package pdftex.def Info: Cairo-University-CU-.png  used on input line 26.
(pdftex.def)             Requested size: 98.6517pt x 70.46495pt.
LaTeX Font Info:    External font `cmex10' loaded for size
(Font)              <12> on input line 27.
LaTeX Font Info:    External font `cmex10' loaded for size
(Font)              <8> on input line 27.
LaTeX Font Info:    External font `cmex10' loaded for size
(Font)              <6> on input line 27.
<CUFE.png, id=73, 631.35875pt x 621.32124pt>
File: CUFE.png Graphic file (type png)
<use CUFE.png>
Package pdftex.def Info: CUFE.png  used on input line 36.
(pdftex.def)             Requested size: 70.46037pt x 69.33153pt.
 (project_requirements.toc)
\tf@toc=\write4
\openout4 = `project_requirements.toc'.



[1

{C:/Users/Youssef/AppData/Local/MiKTeX/fonts/map/pdftex/pdftex.map}{C:/Users/Youssef/AppData/Local/Programs/MiKTeX/fonts/enc/dvips/base/8r.enc} <./Cairo-University-CU-.png> <./CUFE.png>] (project_requirements.lof)
\tf@lof=\write5
\openout5 = `project_requirements.lof'.

<Throughout_WS.png, id=113, 359.9046pt x 147.4308pt>
File: Throughout_WS.png Graphic file (type png)
<use Throughout_WS.png>
Package pdftex.def Info: Throughout_WS.png  used on input line 64.
(pdftex.def)             Requested size: 422.77664pt x 173.19746pt.
<Retransmissions_WS.jpg, id=114, 1086.0575pt x 415.5525pt>
File: Retransmissions_WS.jpg Graphic file (type jpg)
<use Retransmissions_WS.jpg>
Package pdftex.def Info: Retransmissions_WS.jpg  used on input line 70.
(pdftex.def)             Requested size: 422.77664pt x 161.7668pt.
LaTeX Font Info:    External font `cmex10' loaded for size
(Font)              <10.95> on input line 78.



pdfTeX warning (ext4): destination with the same identifier (name{page.1}) has been already used, duplicate ignored
<to be read again> 
                   \relax 
l.249 
       [1 <./Throughout_WS.png (PNG copy)>]

[2 <./Retransmissions_WS.jpg>]
<packet_sent.png, id=138, 661.72218pt x 704.6325pt>
File: packet_sent.png Graphic file (type png)
<use packet_sent.png>
Package pdftex.def Info: packet_sent.png  used on input line 258.
(pdftex.def)             Requested size: 446.26582pt x 475.19786pt.


[3 <./packet_sent.png>]
<ack_rec.png, id=144, 702.37407pt x 713.66624pt>
File: ack_rec.png Graphic file (type png)
<use ack_rec.png>
Package pdftex.def Info: ack_rec.png  used on input line 271.
(pdftex.def)             Requested size: 446.26582pt x 453.45616pt.


[4 <./ack_rec.png>]
LaTeX Font Info:    Trying to load font information for OT1+pcr on input line 281.
 (C:\Users\Youssef\AppData\Local\Programs\MiKTeX\tex/latex/psnfss\ot1pcr.fd
File: ot1pcr.fd 2001/06/04 font definitions for OT1/pcr.
)
Overfull \hbox (5.04497pt too wide) in paragraph at lines 298--298
[]\OT1/pcr/m/n/10 [4]   0.00-40.00  sec  7.27 MBytes  1.53 Mbits/sec                  receiver[] 
 []



[5]
<new_Sss/5.3 path.png, id=157, 816.04875pt x 255.95625pt>
File: new_Sss/5.3 path.png Graphic file (type png)
<use new_Sss/5.3 path.png>
Package pdftex.def Info: new_Sss/5.3 path.png  used on input line 347.
(pdftex.def)             Requested size: 352.31625pt x 110.50427pt.
<new_Sss/5.i cost 40.png, id=161, 358.33875pt x 413.29407pt>
File: new_Sss/5.i cost 40.png Graphic file (type png)
<use new_Sss/5.i cost 40.png>
Package pdftex.def Info: new_Sss/5.i cost 40.png  used on input line 360.
(pdftex.def)             Requested size: 225.4804pt x 260.06131pt.
<new_Sss/5.i cost 10.png, id=162, 362.10281pt x 472.01344pt>
File: new_Sss/5.i cost 10.png Graphic file (type png)
<use new_Sss/5.i cost 10.png>
Package pdftex.def Info: new_Sss/5.i cost 10.png  used on input line 367.
(pdftex.def)             Requested size: 225.4804pt x 293.92732pt.


[6 <./new_Sss/5.3 path.png>]
<new_Sss/5.i new path.png, id=170, 847.66687pt x 546.54187pt>
File: new_Sss/5.i new path.png Graphic file (type png)
<use new_Sss/5.i new path.png>
Package pdftex.def Info: new_Sss/5.i new path.png  used on input line 379.
(pdftex.def)             Requested size: 281.85587pt x 181.72705pt.


[7 <./new_Sss/5.i cost 40.png> <./new_Sss/5.i cost 10.png> <./new_Sss/5.i new path.png>]
<new_Sss/5.ii old path.png, id=178, 826.58812pt x 319.1925pt>
File: new_Sss/5.ii old path.png Graphic file (type png)
<use new_Sss/5.ii old path.png>
Package pdftex.def Info: new_Sss/5.ii old path.png  used on input line 394.
(pdftex.def)             Requested size: 352.31625pt x 136.05196pt.
<new_Sss/5.ii n7 new path.png, id=179, 825.0825pt x 257.46187pt>
File: new_Sss/5.ii n7 new path.png Graphic file (type png)
<use new_Sss/5.ii n7 new path.png>
Package pdftex.def Info: new_Sss/5.ii n7 new path.png  used on input line 403.
(pdftex.def)             Requested size: 352.31625pt x 109.94037pt.
<new_Sss/5.ii n11 new path.png, id=180, 832.61063pt x 541.27219pt>
File: new_Sss/5.ii n11 new path.png Graphic file (type png)
<use new_Sss/5.ii n11 new path.png>
Package pdftex.def Info: new_Sss/5.ii n11 new path.png  used on input line 412.
(pdftex.def)             Requested size: 352.31625pt x 229.03415pt.
<new_Sss/5.ii n7 cost 10.png, id=181, 363.60844pt x 354.57469pt>
File: new_Sss/5.ii n7 cost 10.png Graphic file (type png)
<use new_Sss/5.ii n7 cost 10.png>
Package pdftex.def Info: new_Sss/5.ii n7 cost 10.png  used on input line 424.
(pdftex.def)             Requested size: 211.38832pt x 206.1404pt.
<new_Sss/5.ii n11 cost 10.png, id=182, 368.1253pt x 372.64218pt>
File: new_Sss/5.ii n11 cost 10.png Graphic file (type png)
<use new_Sss/5.ii n11 cost 10.png>
Package pdftex.def Info: new_Sss/5.ii n11 cost 10.png  used on input line 431.
(pdftex.def)             Requested size: 211.38832pt x 213.98897pt.
<new_Sss/5.ii n7 cost 40.png, id=183, 368.1253pt x 438.8897pt>
File: new_Sss/5.ii n7 cost 40.png Graphic file (type png)
<use new_Sss/5.ii n7 cost 40.png>
Package pdftex.def Info: new_Sss/5.ii n7 cost 40.png  used on input line 440.
(pdftex.def)             Requested size: 211.38832pt x 252.03146pt.
<new_Sss/5.ii n11 cost 40.png, id=184, 382.42876pt x 475.02469pt>
File: new_Sss/5.ii n11 cost 40.png Graphic file (type png)
<use new_Sss/5.ii n11 cost 40.png>
Package pdftex.def Info: new_Sss/5.ii n11 cost 40.png  used on input line 447.
(pdftex.def)             Requested size: 211.38832pt x 262.56906pt.


[8 <./new_Sss/5.ii old path.png> <./new_Sss/5.ii n7 new path.png> <./new_Sss/5.ii n11 new path.png>]

[9 <./new_Sss/5.ii n7 cost 10.png> <./new_Sss/5.ii n11 cost 10.png> <./new_Sss/5.ii n7 cost 40.png> <./new_Sss/5.ii n11 cost 40.png>]
<new_Ss/6.i.png, id=200, 215.6055pt x 518.53725pt>
File: new_Ss/6.i.png Graphic file (type png)
<use new_Ss/6.i.png>
Package pdftex.def Info: new_Ss/6.i.png  used on input line 489.
(pdftex.def)             Requested size: 223.1329pt x 536.66289pt.


[10 <./new_Ss/6.i.png>]
<new_Ss/6.ii.1.png, id=206, 627.09282pt x 356.0803pt>
File: new_Ss/6.ii.1.png Graphic file (type png)
<use new_Ss/6.ii.1.png>
Package pdftex.def Info: new_Ss/6.ii.1.png  used on input line 503.
(pdftex.def)             Requested size: 399.29463pt x 226.73874pt.
<new_Ss/6.ii.2.png, id=207, 627.84563pt x 361.35pt>
File: new_Ss/6.ii.2.png Graphic file (type png)
<use new_Ss/6.ii.2.png>
Package pdftex.def Info: new_Ss/6.ii.2.png  used on input line 509.
(pdftex.def)             Requested size: 399.29463pt x 229.80759pt.
<new_Ss/6.iii.png, id=208, 216.20775pt x 483.60675pt>
File: new_Ss/6.iii.png Graphic file (type png)
<use new_Ss/6.iii.png>
Package pdftex.def Info: new_Ss/6.iii.png  used on input line 529.
(pdftex.def)             Requested size: 234.8775pt x 525.37202pt.


[11 <./new_Ss/6.ii.1.png> <./new_Ss/6.ii.2.png>]

[12 <./new_Ss/6.iii.png>] (project_requirements.aux)
 ***********
LaTeX2e <2024-11-01> patch level 2
L3 programming layer <2025-03-26>
 ***********


LaTeX Warning: There were multiply-defined labels.

Package rerunfilecheck Info: File `project_requirements.out' has not changed.
(rerunfilecheck)             Checksum: 6C401FA90B30DE540956B67E9B301428;2561.
 ) 
Here is how much of TeX's memory you used:
 11281 strings out of 470081
 186300 string characters out of 5478307
 579227 words of memory out of 5000000
 37772 multiletter control sequences out of 15000+600000
 643227 words of font info for 72 fonts, out of 8000000 for 9000
 1141 hyphenation exceptions out of 8191
 75i,10n,79p,490b,530s stack positions out of 10000i,1000n,20000p,200000b,200000s
<C:/Users/Youssef/AppData/Local/Programs/MiKTeX/fonts/type1/public/amsfonts/cm/cmmi12.pfb><C:/Users/Youssef/AppData/Local/Programs/MiKTeX/fonts/type1/public/amsfonts/cm/cmr12.pfb><C:/Users/Youssef/AppData/Local/Programs/MiKTeX/fonts/type1/public/amsfonts/cm/cmsy10.pfb><C:/Users/Youssef/AppData/Local/Programs/MiKTeX/fonts/type1/urw/courier/ucrr8a.pfb><C:/Users/Youssef/AppData/Local/Programs/MiKTeX/fonts/type1/urw/times/utmb8a.pfb><C:/Users/Youssef/AppData/Local/Programs/MiKTeX/fonts/type1/urw/times/utmr8a.pfb>
Output written on project_requirements.pdf (13 pages, 1043163 bytes).
PDF statistics:
 261 PDF objects out of 1000 (max. 8388607)
 47 named destinations out of 1000 (max. 500000)
 242 words of extra memory for PDF output out of 10000 (max. 10000000)

